// Jest Snapshot v1, https://goo.gl/fbAQLP

exports[`draw a cross 1`] = `
Array [
  Point {
    "b": 0,
    "g": 0,
    "r": 0,
    "x": 19661,
    "y": 19661,
  },
  Point {
    "b": 0,
    "g": 0,
    "r": 0,
    "x": 19661,
    "y": 19661,
  },
  Point {
    "b": 0,
    "g": 0,
    "r": 0,
    "x": 19661,
    "y": 19661,
  },
  Point {
    "b": 0,
    "g": 0,
    "r": 0,
    "x": 19661,
    "y": 19661,
  },
  Point {
    "b": 0,
    "g": 0,
    "r": 0,
    "x": 19661,
    "y": 19661,
  },
  Point {
    "b": 0,
    "g": 0,
    "r": 0,
    "x": 19661,
    "y": 19661,
  },
  Point {
    "b": 0,
    "g": 0,
    "r": 0,
    "x": 19661,
    "y": 19661,
  },
  Point {
    "b": 0,
    "g": 0,
    "r": 0,
    "x": 19661,
    "y": 19661,
  },
  Point {
    "b": 0,
    "g": 0,
    "r": 0,
    "x": 19661,
    "y": 19661,
  },
  Point {
    "b": 0,
    "g": 0,
    "r": 0,
    "x": 19661,
    "y": 19661,
  },
  Point {
    "b": 0,
    "g": 0,
    "r": 0,
    "x": 19661,
    "y": 19661,
  },
  Point {
    "b": 0,
    "g": 0,
    "r": 0,
    "x": 19661,
    "y": 19661,
  },
  Point {
    "b": 0,
    "g": 0,
    "r": 0,
    "x": 19661,
    "y": 19661,
  },
  Point {
    "b": 0,
    "g": 0,
    "r": 0,
    "x": 19661,
    "y": 19661,
  },
  Point {
    "b": 0,
    "g": 0,
    "r": 0,
    "x": 19661,
    "y": 19661,
  },
  Point {
    "b": 0,
    "g": 0,
    "r": 0,
    "x": 19661,
    "y": 19661,
  },
  Point {
    "b": 0,
    "g": 0,
    "r": 0,
    "x": 19661,
    "y": 19661,
  },
  Point {
    "b": 0,
    "g": 0,
    "r": 0,
    "x": 19661,
    "y": 19661,
  },
  Point {
    "b": 0,
    "g": 0,
    "r": 0,
    "x": 19661,
    "y": 19661,
  },
  Point {
    "b": 0,
    "g": 0,
    "r": 0,
    "x": 19661,
    "y": 19661,
  },
  Point {
    "b": 0,
    "g": 0,
    "r": 0,
    "x": 19661,
    "y": 19661,
  },
  Point {
    "b": 0,
    "g": 0,
    "r": 0,
    "x": 19661,
    "y": 19661,
  },
  Point {
    "b": 0,
    "g": 0,
    "r": 0,
    "x": 19661,
    "y": 19661,
  },
  Point {
    "b": 0,
    "g": 0,
    "r": 0,
    "x": 19661,
    "y": 19661,
  },
  Point {
    "b": 0,
    "g": 65535,
    "r": 0,
    "x": 13107,
    "y": 19661,
  },
  Point {
    "b": 0,
    "g": 4294836225,
    "r": 0,
    "x": 13107,
    "y": 19661,
  },
  Point {
    "b": 0,
    "g": 4294836225,
    "r": 0,
    "x": 13107,
    "y": 19661,
  },
  Point {
    "b": 0,
    "g": 4294836225,
    "r": 0,
    "x": 13107,
    "y": 19661,
  },
  Point {
    "b": 0,
    "g": 4294836225,
    "r": 0,
    "x": 13107,
    "y": 19661,
  },
  Point {
    "b": 0,
    "g": 4294836225,
    "r": 0,
    "x": 13107,
    "y": 19661,
  },
  Point {
    "b": 0,
    "g": 65535,
    "r": 0,
    "x": 13107,
    "y": 13107,
  },
  Point {
    "b": 0,
    "g": 4294836225,
    "r": 0,
    "x": 13107,
    "y": 13107,
  },
  Point {
    "b": 0,
    "g": 4294836225,
    "r": 0,
    "x": 13107,
    "y": 13107,
  },
  Point {
    "b": 0,
    "g": 4294836225,
    "r": 0,
    "x": 13107,
    "y": 13107,
  },
  Point {
    "b": 0,
    "g": 4294836225,
    "r": 0,
    "x": 13107,
    "y": 13107,
  },
  Point {
    "b": 0,
    "g": 4294836225,
    "r": 0,
    "x": 13107,
    "y": 13107,
  },
  Point {
    "b": 0,
    "g": 65535,
    "r": 0,
    "x": 6554,
    "y": 13107,
  },
  Point {
    "b": 0,
    "g": 4294836225,
    "r": 0,
    "x": 6554,
    "y": 13107,
  },
  Point {
    "b": 0,
    "g": 4294836225,
    "r": 0,
    "x": 6554,
    "y": 13107,
  },
  Point {
    "b": 0,
    "g": 4294836225,
    "r": 0,
    "x": 6554,
    "y": 13107,
  },
  Point {
    "b": 0,
    "g": 4294836225,
    "r": 0,
    "x": 6554,
    "y": 13107,
  },
  Point {
    "b": 0,
    "g": 4294836225,
    "r": 0,
    "x": 6554,
    "y": 13107,
  },
  Point {
    "b": 0,
    "g": 65535,
    "r": 0,
    "x": 6554,
    "y": 6554,
  },
  Point {
    "b": 0,
    "g": 4294836225,
    "r": 0,
    "x": 6554,
    "y": 6554,
  },
  Point {
    "b": 0,
    "g": 4294836225,
    "r": 0,
    "x": 6554,
    "y": 6554,
  },
  Point {
    "b": 0,
    "g": 4294836225,
    "r": 0,
    "x": 6554,
    "y": 6554,
  },
  Point {
    "b": 0,
    "g": 4294836225,
    "r": 0,
    "x": 6554,
    "y": 6554,
  },
  Point {
    "b": 0,
    "g": 4294836225,
    "r": 0,
    "x": 6554,
    "y": 6554,
  },
  Point {
    "b": 0,
    "g": 65535,
    "r": 0,
    "x": 13107,
    "y": 6554,
  },
  Point {
    "b": 0,
    "g": 4294836225,
    "r": 0,
    "x": 13107,
    "y": 6554,
  },
  Point {
    "b": 0,
    "g": 4294836225,
    "r": 0,
    "x": 13107,
    "y": 6554,
  },
  Point {
    "b": 0,
    "g": 4294836225,
    "r": 0,
    "x": 13107,
    "y": 6554,
  },
  Point {
    "b": 0,
    "g": 4294836225,
    "r": 0,
    "x": 13107,
    "y": 6554,
  },
  Point {
    "b": 0,
    "g": 4294836225,
    "r": 0,
    "x": 13107,
    "y": 6554,
  },
  Point {
    "b": 0,
    "g": 65535,
    "r": 0,
    "x": 13107,
    "y": -0,
  },
  Point {
    "b": 0,
    "g": 4294836225,
    "r": 0,
    "x": 13107,
    "y": -0,
  },
  Point {
    "b": 0,
    "g": 4294836225,
    "r": 0,
    "x": 13107,
    "y": -0,
  },
  Point {
    "b": 0,
    "g": 4294836225,
    "r": 0,
    "x": 13107,
    "y": -0,
  },
  Point {
    "b": 0,
    "g": 4294836225,
    "r": 0,
    "x": 13107,
    "y": -0,
  },
  Point {
    "b": 0,
    "g": 4294836225,
    "r": 0,
    "x": 13107,
    "y": -0,
  },
  Point {
    "b": 0,
    "g": 65535,
    "r": 0,
    "x": 19661,
    "y": -0,
  },
  Point {
    "b": 0,
    "g": 4294836225,
    "r": 0,
    "x": 19661,
    "y": -0,
  },
  Point {
    "b": 0,
    "g": 4294836225,
    "r": 0,
    "x": 19661,
    "y": -0,
  },
  Point {
    "b": 0,
    "g": 4294836225,
    "r": 0,
    "x": 19661,
    "y": -0,
  },
  Point {
    "b": 0,
    "g": 4294836225,
    "r": 0,
    "x": 19661,
    "y": -0,
  },
  Point {
    "b": 0,
    "g": 4294836225,
    "r": 0,
    "x": 19661,
    "y": -0,
  },
  Point {
    "b": 0,
    "g": 65535,
    "r": 0,
    "x": 19661,
    "y": 6554,
  },
  Point {
    "b": 0,
    "g": 4294836225,
    "r": 0,
    "x": 19661,
    "y": 6554,
  },
  Point {
    "b": 0,
    "g": 4294836225,
    "r": 0,
    "x": 19661,
    "y": 6554,
  },
  Point {
    "b": 0,
    "g": 4294836225,
    "r": 0,
    "x": 19661,
    "y": 6554,
  },
  Point {
    "b": 0,
    "g": 4294836225,
    "r": 0,
    "x": 19661,
    "y": 6554,
  },
  Point {
    "b": 0,
    "g": 4294836225,
    "r": 0,
    "x": 19661,
    "y": 6554,
  },
  Point {
    "b": 0,
    "g": 65535,
    "r": 0,
    "x": 26214,
    "y": 6554,
  },
  Point {
    "b": 0,
    "g": 4294836225,
    "r": 0,
    "x": 26214,
    "y": 6554,
  },
  Point {
    "b": 0,
    "g": 4294836225,
    "r": 0,
    "x": 26214,
    "y": 6554,
  },
  Point {
    "b": 0,
    "g": 4294836225,
    "r": 0,
    "x": 26214,
    "y": 6554,
  },
  Point {
    "b": 0,
    "g": 4294836225,
    "r": 0,
    "x": 26214,
    "y": 6554,
  },
  Point {
    "b": 0,
    "g": 4294836225,
    "r": 0,
    "x": 26214,
    "y": 6554,
  },
  Point {
    "b": 0,
    "g": 65535,
    "r": 0,
    "x": 26214,
    "y": 13107,
  },
  Point {
    "b": 0,
    "g": 4294836225,
    "r": 0,
    "x": 26214,
    "y": 13107,
  },
  Point {
    "b": 0,
    "g": 4294836225,
    "r": 0,
    "x": 26214,
    "y": 13107,
  },
  Point {
    "b": 0,
    "g": 4294836225,
    "r": 0,
    "x": 26214,
    "y": 13107,
  },
  Point {
    "b": 0,
    "g": 4294836225,
    "r": 0,
    "x": 26214,
    "y": 13107,
  },
  Point {
    "b": 0,
    "g": 4294836225,
    "r": 0,
    "x": 26214,
    "y": 13107,
  },
  Point {
    "b": 0,
    "g": 65535,
    "r": 0,
    "x": 19661,
    "y": 13107,
  },
  Point {
    "b": 0,
    "g": 4294836225,
    "r": 0,
    "x": 19661,
    "y": 13107,
  },
  Point {
    "b": 0,
    "g": 4294836225,
    "r": 0,
    "x": 19661,
    "y": 13107,
  },
  Point {
    "b": 0,
    "g": 4294836225,
    "r": 0,
    "x": 19661,
    "y": 13107,
  },
  Point {
    "b": 0,
    "g": 4294836225,
    "r": 0,
    "x": 19661,
    "y": 13107,
  },
  Point {
    "b": 0,
    "g": 4294836225,
    "r": 0,
    "x": 19661,
    "y": 13107,
  },
  Point {
    "b": 0,
    "g": 65535,
    "r": 0,
    "x": 19661,
    "y": 19661,
  },
  Point {
    "b": 0,
    "g": 65535,
    "r": 0,
    "x": 19661,
    "y": 19661,
  },
  Point {
    "b": 0,
    "g": 65535,
    "r": 0,
    "x": 19661,
    "y": 19661,
  },
  Point {
    "b": 0,
    "g": 65535,
    "r": 0,
    "x": 19661,
    "y": 19661,
  },
  Point {
    "b": 0,
    "g": 65535,
    "r": 0,
    "x": 19661,
    "y": 19661,
  },
  Point {
    "b": 0,
    "g": 65535,
    "r": 0,
    "x": 19661,
    "y": 19661,
  },
]
`;

exports[`draw a smile (curves) 1`] = `
Array [
  Point {
    "b": 0,
    "g": 0,
    "r": 0,
    "x": -0,
    "y": -19660,
  },
  Point {
    "b": 0,
    "g": 0,
    "r": 0,
    "x": -0,
    "y": -19660,
  },
  Point {
    "b": 0,
    "g": 0,
    "r": 0,
    "x": -0,
    "y": -19660,
  },
  Point {
    "b": 0,
    "g": 0,
    "r": 0,
    "x": -0,
    "y": -19660,
  },
  Point {
    "b": 0,
    "g": 0,
    "r": 0,
    "x": -0,
    "y": -19660,
  },
  Point {
    "b": 0,
    "g": 0,
    "r": 0,
    "x": -0,
    "y": -19660,
  },
  Point {
    "b": 0,
    "g": 0,
    "r": 0,
    "x": -0,
    "y": -19660,
  },
  Point {
    "b": 0,
    "g": 0,
    "r": 0,
    "x": -0,
    "y": -19660,
  },
  Point {
    "b": 0,
    "g": 0,
    "r": 0,
    "x": -0,
    "y": -19660,
  },
  Point {
    "b": 0,
    "g": 0,
    "r": 0,
    "x": -0,
    "y": -19660,
  },
  Point {
    "b": 0,
    "g": 0,
    "r": 0,
    "x": -0,
    "y": -19660,
  },
  Point {
    "b": 0,
    "g": 0,
    "r": 0,
    "x": -0,
    "y": -19660,
  },
  Point {
    "b": 0,
    "g": 0,
    "r": 0,
    "x": -0,
    "y": -19660,
  },
  Point {
    "b": 0,
    "g": 0,
    "r": 0,
    "x": -0,
    "y": -19660,
  },
  Point {
    "b": 0,
    "g": 0,
    "r": 0,
    "x": -0,
    "y": -19660,
  },
  Point {
    "b": 0,
    "g": 0,
    "r": 0,
    "x": -0,
    "y": -19660,
  },
  Point {
    "b": 0,
    "g": 0,
    "r": 0,
    "x": -0,
    "y": -19660,
  },
  Point {
    "b": 0,
    "g": 0,
    "r": 0,
    "x": -0,
    "y": -19660,
  },
  Point {
    "b": 0,
    "g": 0,
    "r": 0,
    "x": -0,
    "y": -19660,
  },
  Point {
    "b": 0,
    "g": 0,
    "r": 0,
    "x": -0,
    "y": -19660,
  },
  Point {
    "b": 0,
    "g": 0,
    "r": 0,
    "x": -0,
    "y": -19660,
  },
  Point {
    "b": 0,
    "g": 0,
    "r": 0,
    "x": -0,
    "y": -19660,
  },
  Point {
    "b": 0,
    "g": 0,
    "r": 0,
    "x": -0,
    "y": -19660,
  },
  Point {
    "b": 0,
    "g": 0,
    "r": 0,
    "x": -0,
    "y": -19660,
  },
  Point {
    "b": 0,
    "g": 0,
    "r": 0,
    "x": -0,
    "y": -19660,
  },
  Point {
    "b": 0,
    "g": 0,
    "r": 0,
    "x": -0,
    "y": -19660,
  },
  Point {
    "b": 0,
    "g": 65535,
    "r": 0,
    "x": -6553,
    "y": -26214,
  },
  Point {
    "b": 0,
    "g": 4294836225,
    "r": 0,
    "x": -6553,
    "y": -26214,
  },
  Point {
    "b": 0,
    "g": 4294836225,
    "r": 0,
    "x": -6553,
    "y": -26214,
  },
  Point {
    "b": 0,
    "g": 4294836225,
    "r": 0,
    "x": -6553,
    "y": -26214,
  },
  Point {
    "b": 0,
    "g": 4294836225,
    "r": 0,
    "x": -6553,
    "y": -26214,
  },
  Point {
    "b": 0,
    "g": 4294836225,
    "r": 0,
    "x": -6553,
    "y": -26214,
  },
  Point {
    "b": 0,
    "g": 65535,
    "r": 0,
    "x": -13107,
    "y": -19660,
  },
]
`;

exports[`draw a triangle 1`] = `
Array [
  Point {
    "b": 0,
    "g": 0,
    "r": 0,
    "x": -11140,
    "y": 32768,
  },
  Point {
    "b": 0,
    "g": 0,
    "r": 0,
    "x": -11140,
    "y": 32768,
  },
  Point {
    "b": 0,
    "g": 0,
    "r": 0,
    "x": -11140,
    "y": 32768,
  },
  Point {
    "b": 0,
    "g": 0,
    "r": 0,
    "x": -11140,
    "y": 32768,
  },
  Point {
    "b": 0,
    "g": 0,
    "r": 0,
    "x": -11140,
    "y": 32768,
  },
  Point {
    "b": 0,
    "g": 0,
    "r": 0,
    "x": -11140,
    "y": 32768,
  },
  Point {
    "b": 0,
    "g": 0,
    "r": 0,
    "x": -11140,
    "y": 32768,
  },
  Point {
    "b": 0,
    "g": 0,
    "r": 0,
    "x": -11140,
    "y": 32768,
  },
  Point {
    "b": 0,
    "g": 0,
    "r": 0,
    "x": -11140,
    "y": 32768,
  },
  Point {
    "b": 0,
    "g": 0,
    "r": 0,
    "x": -11140,
    "y": 32768,
  },
  Point {
    "b": 0,
    "g": 0,
    "r": 0,
    "x": -11140,
    "y": 32768,
  },
  Point {
    "b": 0,
    "g": 0,
    "r": 0,
    "x": -11140,
    "y": 32768,
  },
  Point {
    "b": 0,
    "g": 0,
    "r": 0,
    "x": -11140,
    "y": 32768,
  },
  Point {
    "b": 0,
    "g": 0,
    "r": 0,
    "x": -11140,
    "y": 32768,
  },
  Point {
    "b": 0,
    "g": 0,
    "r": 0,
    "x": -11140,
    "y": 32768,
  },
  Point {
    "b": 0,
    "g": 0,
    "r": 0,
    "x": -11140,
    "y": 32768,
  },
  Point {
    "b": 0,
    "g": 0,
    "r": 0,
    "x": -11140,
    "y": 32768,
  },
  Point {
    "b": 0,
    "g": 0,
    "r": 0,
    "x": -11140,
    "y": 32768,
  },
  Point {
    "b": 0,
    "g": 0,
    "r": 0,
    "x": -11140,
    "y": 32768,
  },
  Point {
    "b": 0,
    "g": 0,
    "r": 0,
    "x": -11140,
    "y": 32768,
  },
  Point {
    "b": 0,
    "g": 0,
    "r": 0,
    "x": -11140,
    "y": 32768,
  },
  Point {
    "b": 0,
    "g": 0,
    "r": 0,
    "x": -11140,
    "y": 32768,
  },
  Point {
    "b": 0,
    "g": 0,
    "r": 0,
    "x": -11140,
    "y": 32768,
  },
  Point {
    "b": 0,
    "g": 0,
    "r": 0,
    "x": -11140,
    "y": 32768,
  },
  Point {
    "b": 0,
    "g": 0,
    "r": 0,
    "x": -11140,
    "y": 32768,
  },
  Point {
    "b": 0,
    "g": 0,
    "r": 0,
    "x": -11140,
    "y": 32768,
  },
  Point {
    "b": 0,
    "g": 0,
    "r": 0,
    "x": -11140,
    "y": 32768,
  },
  Point {
    "b": 0,
    "g": 65535,
    "r": 0,
    "x": -13543,
    "y": 26360,
  },
  Point {
    "b": 0,
    "g": 65535,
    "r": 0,
    "x": -15946,
    "y": 19952,
  },
  Point {
    "b": 0,
    "g": 65535,
    "r": 0,
    "x": -18349,
    "y": 13544,
  },
  Point {
    "b": 0,
    "g": 65535,
    "r": 0,
    "x": -20752,
    "y": 7137,
  },
  Point {
    "b": 0,
    "g": 65535,
    "r": 0,
    "x": -23155,
    "y": 729,
  },
  Point {
    "b": 0,
    "g": 65535,
    "r": 0,
    "x": -25558,
    "y": -5679,
  },
  Point {
    "b": 0,
    "g": 65535,
    "r": 0,
    "x": -27961,
    "y": -12087,
  },
  Point {
    "b": 0,
    "g": 65535,
    "r": 0,
    "x": -30364,
    "y": -18495,
  },
  Point {
    "b": 0,
    "g": 65535,
    "r": 0,
    "x": -32767,
    "y": -24903,
  },
  Point {
    "b": 0,
    "g": 4294836225,
    "r": 0,
    "x": -32767,
    "y": -24903,
  },
  Point {
    "b": 0,
    "g": 4294836225,
    "r": 0,
    "x": -32767,
    "y": -24903,
  },
  Point {
    "b": 0,
    "g": 4294836225,
    "r": 0,
    "x": -32767,
    "y": -24903,
  },
  Point {
    "b": 0,
    "g": 4294836225,
    "r": 0,
    "x": -32767,
    "y": -24903,
  },
  Point {
    "b": 0,
    "g": 4294836225,
    "r": 0,
    "x": -32767,
    "y": -24903,
  },
  Point {
    "b": 0,
    "g": 4294836225,
    "r": 0,
    "x": -32767,
    "y": -24903,
  },
  Point {
    "b": 0,
    "g": 4294836225,
    "r": 0,
    "x": -32767,
    "y": -24903,
  },
  Point {
    "b": 0,
    "g": 4294836225,
    "r": 0,
    "x": -32767,
    "y": -24903,
  },
  Point {
    "b": 0,
    "g": 4294836225,
    "r": 0,
    "x": -32767,
    "y": -24903,
  },
  Point {
    "b": 0,
    "g": 4294836225,
    "r": 0,
    "x": -32767,
    "y": -24903,
  },
  Point {
    "b": 0,
    "g": 65535,
    "r": 0,
    "x": -30364,
    "y": -18495,
  },
  Point {
    "b": 0,
    "g": 65535,
    "r": 0,
    "x": -27961,
    "y": -12087,
  },
  Point {
    "b": 0,
    "g": 65535,
    "r": 0,
    "x": -25558,
    "y": -5679,
  },
  Point {
    "b": 0,
    "g": 65535,
    "r": 0,
    "x": -23155,
    "y": 729,
  },
  Point {
    "b": 0,
    "g": 65535,
    "r": 0,
    "x": -20752,
    "y": 7137,
  },
  Point {
    "b": 0,
    "g": 65535,
    "r": 0,
    "x": -18349,
    "y": 13544,
  },
  Point {
    "b": 0,
    "g": 65535,
    "r": 0,
    "x": -15946,
    "y": 19952,
  },
  Point {
    "b": 0,
    "g": 65535,
    "r": 0,
    "x": -13543,
    "y": 26360,
  },
  Point {
    "b": 0,
    "g": 65535,
    "r": 0,
    "x": -11140,
    "y": 32768,
  },
  Point {
    "b": 0,
    "g": 65535,
    "r": 0,
    "x": -11140,
    "y": 32768,
  },
  Point {
    "b": 0,
    "g": 65535,
    "r": 0,
    "x": -11140,
    "y": 32768,
  },
  Point {
    "b": 0,
    "g": 65535,
    "r": 0,
    "x": -11140,
    "y": 32768,
  },
  Point {
    "b": 0,
    "g": 65535,
    "r": 0,
    "x": -11140,
    "y": 32768,
  },
  Point {
    "b": 0,
    "g": 65535,
    "r": 0,
    "x": -11140,
    "y": 32768,
  },
]
`;

exports[`draw a triangle with x/y offset 1`] = `
Array [
  Point {
    "b": 0,
    "g": 0,
    "r": 0,
    "x": -17694,
    "y": 19661,
  },
  Point {
    "b": 0,
    "g": 0,
    "r": 0,
    "x": -17694,
    "y": 19661,
  },
  Point {
    "b": 0,
    "g": 0,
    "r": 0,
    "x": -17694,
    "y": 19661,
  },
  Point {
    "b": 0,
    "g": 0,
    "r": 0,
    "x": -17694,
    "y": 19661,
  },
  Point {
    "b": 0,
    "g": 0,
    "r": 0,
    "x": -17694,
    "y": 19661,
  },
  Point {
    "b": 0,
    "g": 0,
    "r": 0,
    "x": -17694,
    "y": 19661,
  },
  Point {
    "b": 0,
    "g": 0,
    "r": 0,
    "x": -17694,
    "y": 19661,
  },
  Point {
    "b": 0,
    "g": 0,
    "r": 0,
    "x": -17694,
    "y": 19661,
  },
  Point {
    "b": 0,
    "g": 0,
    "r": 0,
    "x": -17694,
    "y": 19661,
  },
  Point {
    "b": 0,
    "g": 0,
    "r": 0,
    "x": -17694,
    "y": 19661,
  },
  Point {
    "b": 0,
    "g": 0,
    "r": 0,
    "x": -17694,
    "y": 19661,
  },
  Point {
    "b": 0,
    "g": 0,
    "r": 0,
    "x": -17694,
    "y": 19661,
  },
  Point {
    "b": 0,
    "g": 0,
    "r": 0,
    "x": -17694,
    "y": 19661,
  },
  Point {
    "b": 0,
    "g": 0,
    "r": 0,
    "x": -17694,
    "y": 19661,
  },
  Point {
    "b": 0,
    "g": 0,
    "r": 0,
    "x": -17694,
    "y": 19661,
  },
  Point {
    "b": 0,
    "g": 0,
    "r": 0,
    "x": -17694,
    "y": 19661,
  },
  Point {
    "b": 0,
    "g": 0,
    "r": 0,
    "x": -17694,
    "y": 19661,
  },
  Point {
    "b": 0,
    "g": 0,
    "r": 0,
    "x": -17694,
    "y": 19661,
  },
  Point {
    "b": 0,
    "g": 0,
    "r": 0,
    "x": -17694,
    "y": 19661,
  },
  Point {
    "b": 0,
    "g": 0,
    "r": 0,
    "x": -17694,
    "y": 19661,
  },
  Point {
    "b": 0,
    "g": 0,
    "r": 0,
    "x": -17694,
    "y": 19661,
  },
  Point {
    "b": 0,
    "g": 0,
    "r": 0,
    "x": -17694,
    "y": 19661,
  },
  Point {
    "b": 0,
    "g": 0,
    "r": 0,
    "x": -17694,
    "y": 19661,
  },
  Point {
    "b": 0,
    "g": 0,
    "r": 0,
    "x": -17694,
    "y": 19661,
  },
  Point {
    "b": 0,
    "g": 0,
    "r": 0,
    "x": -17694,
    "y": 19661,
  },
  Point {
    "b": 0,
    "g": 0,
    "r": 0,
    "x": -17694,
    "y": 19661,
  },
  Point {
    "b": 0,
    "g": 0,
    "r": 0,
    "x": -17694,
    "y": 19661,
  },
  Point {
    "b": 0,
    "g": 65535,
    "r": 0,
    "x": -20097,
    "y": 13253,
  },
  Point {
    "b": 0,
    "g": 65535,
    "r": 0,
    "x": -22500,
    "y": 6845,
  },
  Point {
    "b": 0,
    "g": 65535,
    "r": 0,
    "x": -24903,
    "y": 437,
  },
  Point {
    "b": 0,
    "g": 65535,
    "r": 0,
    "x": -27306,
    "y": -5970,
  },
  Point {
    "b": 0,
    "g": 65535,
    "r": 0,
    "x": -29709,
    "y": -12378,
  },
  Point {
    "b": 0,
    "g": 65535,
    "r": 0,
    "x": -32112,
    "y": -18786,
  },
  Point {
    "b": 0,
    "g": 65535,
    "r": 0,
    "x": -34515,
    "y": -25194,
  },
  Point {
    "b": 0,
    "g": 65535,
    "r": 0,
    "x": -36918,
    "y": -31602,
  },
  Point {
    "b": 0,
    "g": 65535,
    "r": 0,
    "x": -39321,
    "y": -38010,
  },
  Point {
    "b": 0,
    "g": 4294836225,
    "r": 0,
    "x": -39321,
    "y": -38010,
  },
  Point {
    "b": 0,
    "g": 4294836225,
    "r": 0,
    "x": -39321,
    "y": -38010,
  },
  Point {
    "b": 0,
    "g": 4294836225,
    "r": 0,
    "x": -39321,
    "y": -38010,
  },
  Point {
    "b": 0,
    "g": 4294836225,
    "r": 0,
    "x": -39321,
    "y": -38010,
  },
  Point {
    "b": 0,
    "g": 4294836225,
    "r": 0,
    "x": -39321,
    "y": -38010,
  },
  Point {
    "b": 0,
    "g": 4294836225,
    "r": 0,
    "x": -39321,
    "y": -38010,
  },
  Point {
    "b": 0,
    "g": 4294836225,
    "r": 0,
    "x": -39321,
    "y": -38010,
  },
  Point {
    "b": 0,
    "g": 4294836225,
    "r": 0,
    "x": -39321,
    "y": -38010,
  },
  Point {
    "b": 0,
    "g": 4294836225,
    "r": 0,
    "x": -39321,
    "y": -38010,
  },
  Point {
    "b": 0,
    "g": 4294836225,
    "r": 0,
    "x": -39321,
    "y": -38010,
  },
  Point {
    "b": 0,
    "g": 65535,
    "r": 0,
    "x": -36918,
    "y": -31602,
  },
  Point {
    "b": 0,
    "g": 65535,
    "r": 0,
    "x": -34515,
    "y": -25194,
  },
  Point {
    "b": 0,
    "g": 65535,
    "r": 0,
    "x": -32112,
    "y": -18786,
  },
  Point {
    "b": 0,
    "g": 65535,
    "r": 0,
    "x": -29709,
    "y": -12378,
  },
  Point {
    "b": 0,
    "g": 65535,
    "r": 0,
    "x": -27306,
    "y": -5970,
  },
  Point {
    "b": 0,
    "g": 65535,
    "r": 0,
    "x": -24903,
    "y": 437,
  },
  Point {
    "b": 0,
    "g": 65535,
    "r": 0,
    "x": -22500,
    "y": 6845,
  },
  Point {
    "b": 0,
    "g": 65535,
    "r": 0,
    "x": -20097,
    "y": 13253,
  },
  Point {
    "b": 0,
    "g": 65535,
    "r": 0,
    "x": -17694,
    "y": 19661,
  },
  Point {
    "b": 0,
    "g": 65535,
    "r": 0,
    "x": -17694,
    "y": 19661,
  },
  Point {
    "b": 0,
    "g": 65535,
    "r": 0,
    "x": -17694,
    "y": 19661,
  },
  Point {
    "b": 0,
    "g": 65535,
    "r": 0,
    "x": -17694,
    "y": 19661,
  },
  Point {
    "b": 0,
    "g": 65535,
    "r": 0,
    "x": -17694,
    "y": 19661,
  },
  Point {
    "b": 0,
    "g": 65535,
    "r": 0,
    "x": -17694,
    "y": 19661,
  },
]
`;

exports[`draw an arc 1`] = `
Array [
  Point {
    "b": 0,
    "g": 0,
    "r": 0,
    "x": 30720,
    "y": -31743,
  },
  Point {
    "b": 0,
    "g": 0,
    "r": 0,
    "x": 30720,
    "y": -31743,
  },
  Point {
    "b": 0,
    "g": 0,
    "r": 0,
    "x": 30720,
    "y": -31743,
  },
  Point {
    "b": 0,
    "g": 0,
    "r": 0,
    "x": 30720,
    "y": -31743,
  },
  Point {
    "b": 0,
    "g": 0,
    "r": 0,
    "x": 30720,
    "y": -31743,
  },
  Point {
    "b": 0,
    "g": 0,
    "r": 0,
    "x": 30720,
    "y": -31743,
  },
  Point {
    "b": 0,
    "g": 0,
    "r": 0,
    "x": 30720,
    "y": -31743,
  },
  Point {
    "b": 0,
    "g": 0,
    "r": 0,
    "x": 30720,
    "y": -31743,
  },
  Point {
    "b": 0,
    "g": 0,
    "r": 0,
    "x": 30720,
    "y": -31743,
  },
  Point {
    "b": 0,
    "g": 0,
    "r": 0,
    "x": 30720,
    "y": -31743,
  },
  Point {
    "b": 0,
    "g": 0,
    "r": 0,
    "x": 30720,
    "y": -31743,
  },
  Point {
    "b": 0,
    "g": 0,
    "r": 0,
    "x": 30720,
    "y": -31743,
  },
  Point {
    "b": 0,
    "g": 0,
    "r": 0,
    "x": 30720,
    "y": -31743,
  },
  Point {
    "b": 0,
    "g": 0,
    "r": 0,
    "x": 30720,
    "y": -31743,
  },
  Point {
    "b": 0,
    "g": 0,
    "r": 0,
    "x": 30720,
    "y": -31743,
  },
  Point {
    "b": 0,
    "g": 0,
    "r": 0,
    "x": 30720,
    "y": -31743,
  },
  Point {
    "b": 0,
    "g": 0,
    "r": 0,
    "x": 30720,
    "y": -31743,
  },
  Point {
    "b": 0,
    "g": 0,
    "r": 0,
    "x": 30720,
    "y": -31743,
  },
  Point {
    "b": 0,
    "g": 0,
    "r": 0,
    "x": 30720,
    "y": -31743,
  },
  Point {
    "b": 0,
    "g": 0,
    "r": 0,
    "x": 30720,
    "y": -31743,
  },
  Point {
    "b": 0,
    "g": 0,
    "r": 0,
    "x": 30720,
    "y": -31743,
  },
  Point {
    "b": 0,
    "g": 0,
    "r": 0,
    "x": 30720,
    "y": -31743,
  },
  Point {
    "b": 0,
    "g": 0,
    "r": 0,
    "x": 30720,
    "y": -31743,
  },
  Point {
    "b": 0,
    "g": 0,
    "r": 0,
    "x": 30720,
    "y": -31743,
  },
  Point {
    "b": 0,
    "g": 0,
    "r": 0,
    "x": 30720,
    "y": -31743,
  },
  Point {
    "b": 0,
    "g": 0,
    "r": 0,
    "x": 30720,
    "y": -31743,
  },
  Point {
    "b": 0,
    "g": 65535,
    "r": 0,
    "x": 25600,
    "y": -26623,
  },
  Point {
    "b": 0,
    "g": 65535,
    "r": 0,
    "x": 20480,
    "y": -21503,
  },
  Point {
    "b": 0,
    "g": 65535,
    "r": 0,
    "x": 15360,
    "y": -16383,
  },
  Point {
    "b": 0,
    "g": 65535,
    "r": 0,
    "x": 10240,
    "y": -11263,
  },
  Point {
    "b": 0,
    "g": 4294836225,
    "r": 0,
    "x": 10240,
    "y": -11263,
  },
  Point {
    "b": 0,
    "g": 4294836225,
    "r": 0,
    "x": 10240,
    "y": -11263,
  },
  Point {
    "b": 0,
    "g": 65535,
    "r": 0,
    "x": 8088,
    "y": 3086,
  },
  Point {
    "b": 0,
    "g": 65535,
    "r": 0,
    "x": -522,
    "y": -501,
  },
  Point {
    "b": 0,
    "g": 4294836225,
    "r": 0,
    "x": -522,
    "y": -501,
  },
  Point {
    "b": 0,
    "g": 4294836225,
    "r": 0,
    "x": -522,
    "y": -501,
  },
  Point {
    "b": 0,
    "g": 4294836225,
    "r": 0,
    "x": -522,
    "y": -501,
  },
  Point {
    "b": 0,
    "g": 4294836225,
    "r": 0,
    "x": -522,
    "y": -501,
  },
  Point {
    "b": 0,
    "g": 4294836225,
    "r": 0,
    "x": -522,
    "y": -501,
  },
  Point {
    "b": 0,
    "g": 4294836225,
    "r": 0,
    "x": -522,
    "y": -501,
  },
  Point {
    "b": 0,
    "g": 65535,
    "r": 0,
    "x": 335,
    "y": 13166,
  },
  Point {
    "b": 0,
    "g": 65535,
    "r": 0,
    "x": -11284,
    "y": 10261,
  },
  Point {
    "b": 0,
    "g": 4294836225,
    "r": 0,
    "x": -11284,
    "y": 10261,
  },
  Point {
    "b": 0,
    "g": 4294836225,
    "r": 0,
    "x": -11284,
    "y": 10261,
  },
  Point {
    "b": 0,
    "g": 4294836225,
    "r": 0,
    "x": -11284,
    "y": 10261,
  },
  Point {
    "b": 0,
    "g": 65535,
    "r": 0,
    "x": -16399,
    "y": 15376,
  },
  Point {
    "b": 0,
    "g": 65535,
    "r": 0,
    "x": -21513,
    "y": 20490,
  },
  Point {
    "b": 0,
    "g": 65535,
    "r": 0,
    "x": -26628,
    "y": 25605,
  },
  Point {
    "b": 0,
    "g": 65535,
    "r": 0,
    "x": -31743,
    "y": 30720,
  },
]
`;
