// Jest Snapshot v1, https://goo.gl/fbAQLP

exports[`draw basic green rectangle 1`] = `
Array [
  Point {
    "b": 0,
    "g": 0,
    "r": 0,
    "x": 19661,
    "y": 6554,
  },
  Point {
    "b": 0,
    "g": 0,
    "r": 0,
    "x": 19661,
    "y": 6554,
  },
  Point {
    "b": 0,
    "g": 0,
    "r": 0,
    "x": 19661,
    "y": 6554,
  },
  Point {
    "b": 0,
    "g": 0,
    "r": 0,
    "x": 19661,
    "y": 6554,
  },
  Point {
    "b": 0,
    "g": 0,
    "r": 0,
    "x": 19661,
    "y": 6554,
  },
  Point {
    "b": 0,
    "g": 0,
    "r": 0,
    "x": 19661,
    "y": 6554,
  },
  Point {
    "b": 0,
    "g": 0,
    "r": 0,
    "x": 19661,
    "y": 6554,
  },
  Point {
    "b": 0,
    "g": 0,
    "r": 0,
    "x": 19661,
    "y": 6554,
  },
  Point {
    "b": 0,
    "g": 0,
    "r": 0,
    "x": 19661,
    "y": 6554,
  },
  Point {
    "b": 0,
    "g": 0,
    "r": 0,
    "x": 19661,
    "y": 6554,
  },
  Point {
    "b": 0,
    "g": 0,
    "r": 0,
    "x": 19661,
    "y": 6554,
  },
  Point {
    "b": 0,
    "g": 0,
    "r": 0,
    "x": 19661,
    "y": 6554,
  },
  Point {
    "b": 0,
    "g": 0,
    "r": 0,
    "x": 19661,
    "y": 6554,
  },
  Point {
    "b": 0,
    "g": 0,
    "r": 0,
    "x": 19661,
    "y": 6554,
  },
  Point {
    "b": 0,
    "g": 0,
    "r": 0,
    "x": 19661,
    "y": 6554,
  },
  Point {
    "b": 0,
    "g": 0,
    "r": 0,
    "x": 19661,
    "y": 6554,
  },
  Point {
    "b": 0,
    "g": 0,
    "r": 0,
    "x": 19661,
    "y": 6554,
  },
  Point {
    "b": 0,
    "g": 0,
    "r": 0,
    "x": 19661,
    "y": 6554,
  },
  Point {
    "b": 0,
    "g": 0,
    "r": 0,
    "x": 19661,
    "y": 6554,
  },
  Point {
    "b": 0,
    "g": 0,
    "r": 0,
    "x": 19661,
    "y": 6554,
  },
  Point {
    "b": 0,
    "g": 0,
    "r": 0,
    "x": 19661,
    "y": 6554,
  },
  Point {
    "b": 0,
    "g": 0,
    "r": 0,
    "x": 19661,
    "y": 6554,
  },
  Point {
    "b": 0,
    "g": 0,
    "r": 0,
    "x": 19661,
    "y": 6554,
  },
  Point {
    "b": 0,
    "g": 0,
    "r": 0,
    "x": 19661,
    "y": 6554,
  },
  Point {
    "b": 0,
    "g": 65535,
    "r": 0,
    "x": 13107,
    "y": 6554,
  },
  Point {
    "b": 0,
    "g": 65535,
    "r": 0,
    "x": 6554,
    "y": 6554,
  },
  Point {
    "b": 0,
    "g": 65535,
    "r": 0,
    "x": -0,
    "y": 6554,
  },
  Point {
    "b": 0,
    "g": 65535,
    "r": 0,
    "x": -6553,
    "y": 6554,
  },
  Point {
    "b": 0,
    "g": 65535,
    "r": 0,
    "x": -13107,
    "y": 6554,
  },
  Point {
    "b": 0,
    "g": 65535,
    "r": 0,
    "x": -13107,
    "y": 6554,
  },
  Point {
    "b": 0,
    "g": 65535,
    "r": 0,
    "x": -13107,
    "y": 6554,
  },
  Point {
    "b": 0,
    "g": 65535,
    "r": 0,
    "x": -13107,
    "y": 6554,
  },
  Point {
    "b": 0,
    "g": 65535,
    "r": 0,
    "x": -13107,
    "y": 6554,
  },
  Point {
    "b": 0,
    "g": 65535,
    "r": 0,
    "x": -13107,
    "y": 6554,
  },
  Point {
    "b": 0,
    "g": 65535,
    "r": 0,
    "x": -13107,
    "y": 6554,
  },
  Point {
    "b": 0,
    "g": 65535,
    "r": 0,
    "x": -13107,
    "y": -0,
  },
  Point {
    "b": 0,
    "g": 65535,
    "r": 0,
    "x": -13107,
    "y": -6553,
  },
  Point {
    "b": 0,
    "g": 65535,
    "r": 0,
    "x": -13107,
    "y": -13107,
  },
  Point {
    "b": 0,
    "g": 65535,
    "r": 0,
    "x": -13107,
    "y": -19660,
  },
  Point {
    "b": 0,
    "g": 65535,
    "r": 0,
    "x": -13107,
    "y": -26214,
  },
  Point {
    "b": 0,
    "g": 65535,
    "r": 0,
    "x": -13107,
    "y": -26214,
  },
  Point {
    "b": 0,
    "g": 65535,
    "r": 0,
    "x": -13107,
    "y": -26214,
  },
  Point {
    "b": 0,
    "g": 65535,
    "r": 0,
    "x": -13107,
    "y": -26214,
  },
  Point {
    "b": 0,
    "g": 65535,
    "r": 0,
    "x": -13107,
    "y": -26214,
  },
  Point {
    "b": 0,
    "g": 65535,
    "r": 0,
    "x": -13107,
    "y": -26214,
  },
  Point {
    "b": 0,
    "g": 65535,
    "r": 0,
    "x": -13107,
    "y": -26214,
  },
  Point {
    "b": 0,
    "g": 65535,
    "r": 0,
    "x": -6553,
    "y": -26214,
  },
  Point {
    "b": 0,
    "g": 65535,
    "r": 0,
    "x": -0,
    "y": -26214,
  },
  Point {
    "b": 0,
    "g": 65535,
    "r": 0,
    "x": 6554,
    "y": -26214,
  },
  Point {
    "b": 0,
    "g": 65535,
    "r": 0,
    "x": 13107,
    "y": -26214,
  },
  Point {
    "b": 0,
    "g": 65535,
    "r": 0,
    "x": 19661,
    "y": -26214,
  },
  Point {
    "b": 0,
    "g": 65535,
    "r": 0,
    "x": 19661,
    "y": -26214,
  },
  Point {
    "b": 0,
    "g": 65535,
    "r": 0,
    "x": 19661,
    "y": -26214,
  },
  Point {
    "b": 0,
    "g": 65535,
    "r": 0,
    "x": 19661,
    "y": -26214,
  },
  Point {
    "b": 0,
    "g": 65535,
    "r": 0,
    "x": 19661,
    "y": -26214,
  },
  Point {
    "b": 0,
    "g": 65535,
    "r": 0,
    "x": 19661,
    "y": -26214,
  },
  Point {
    "b": 0,
    "g": 65535,
    "r": 0,
    "x": 19661,
    "y": -26214,
  },
  Point {
    "b": 0,
    "g": 65535,
    "r": 0,
    "x": 19661,
    "y": -19660,
  },
  Point {
    "b": 0,
    "g": 65535,
    "r": 0,
    "x": 19661,
    "y": -13107,
  },
  Point {
    "b": 0,
    "g": 65535,
    "r": 0,
    "x": 19661,
    "y": -6553,
  },
  Point {
    "b": 0,
    "g": 65535,
    "r": 0,
    "x": 19661,
    "y": -0,
  },
  Point {
    "b": 0,
    "g": 65535,
    "r": 0,
    "x": 19661,
    "y": 6554,
  },
  Point {
    "b": 0,
    "g": 65535,
    "r": 0,
    "x": 19661,
    "y": 6554,
  },
  Point {
    "b": 0,
    "g": 65535,
    "r": 0,
    "x": 19661,
    "y": 6554,
  },
  Point {
    "b": 0,
    "g": 65535,
    "r": 0,
    "x": 19661,
    "y": 6554,
  },
  Point {
    "b": 0,
    "g": 65535,
    "r": 0,
    "x": 19661,
    "y": 6554,
  },
  Point {
    "b": 0,
    "g": 65535,
    "r": 0,
    "x": 19661,
    "y": 6554,
  },
  Point {
    "b": 0,
    "g": 65535,
    "r": 0,
    "x": 19661,
    "y": 6554,
  },
]
`;
